This should be the first line of output.
This is another line.